// Jest Snapshot v1, https://goo.gl/fbAQLP

exports[`<Footer> Test UI Component footer 1`] = `[Function]`;
